// Jest Snapshot v1, https://goo.gl/fbAQLP

exports[`Sites: active product states: should render with businesses link as active 1`] = `
<nav
  aria-labelledby="Sites"
  role="navigation"
>
  <span
    class="ScreenReaderOnly__root"
  >
    <h1
      id="Sites"
    >
      SEEK Sites
    </h1>
  </span>
  <ul
    class="Sites__list"
  >
    <li>
      <a
        class="Sites__link Sites__link_isJobs"
        data-analytics="header:jobs"
        href="https://www.seek.com.au"
        title="SEEK Jobs"
      >
        Jobs
      </a>
    </li>
    <li>
      <a
        class="Sites__link Sites__link_isLearning"
        data-analytics="header:courses"
        href="https://www.seek.com.au/learning/?campaigncode=seek_banner_29&sc_trk=skj-courses-link"
        title="SEEK Learning"
      >
        Courses
      </a>
    </li>
    <li>
      <a
        class="Sites__link Sites__link_isBusiness"
        data-analytics="header:business+for+sale"
        href="https://www.seekbusiness.com.au/?tracking=sk:main:au:nav:bus"
        title="SEEK Business"
      >
        Businesses for sale
      </a>
    </li>
    <li>
      <a
        class="Sites__link Sites__link_isVolunteering"
        data-analytics="header:volunteering"
        href="https://www.volunteer.com.au/?tracking=SKMAU:main+header"
        title="SEEK Volunteer"
      >
        Volunteering
      </a>
    </li>
  </ul>
</nav>
`;

exports[`Sites: active product states: should render with courses link as active 1`] = `
<nav
  aria-labelledby="Sites"
  role="navigation"
>
  <span
    class="ScreenReaderOnly__root"
  >
    <h1
      id="Sites"
    >
      SEEK Sites
    </h1>
  </span>
  <ul
    class="Sites__list"
  >
    <li>
      <a
        class="Sites__link Sites__link_isJobs"
        data-analytics="header:jobs"
        href="https://www.seek.com.au"
        title="SEEK Jobs"
      >
        Jobs
      </a>
    </li>
    <li>
      <a
        class="Sites__link Sites__link_isLearning"
        data-analytics="header:courses"
        href="https://www.seek.com.au/learning/?campaigncode=seek_banner_29&sc_trk=skj-courses-link"
        title="SEEK Learning"
      >
        Courses
      </a>
    </li>
    <li>
      <a
        class="Sites__link Sites__link_isBusiness"
        data-analytics="header:business+for+sale"
        href="https://www.seekbusiness.com.au/?tracking=sk:main:au:nav:bus"
        title="SEEK Business"
      >
        Businesses for sale
      </a>
    </li>
    <li>
      <a
        class="Sites__link Sites__link_isVolunteering"
        data-analytics="header:volunteering"
        href="https://www.volunteer.com.au/?tracking=SKMAU:main+header"
        title="SEEK Volunteer"
      >
        Volunteering
      </a>
    </li>
  </ul>
</nav>
`;

exports[`Sites: active product states: should render with jobs link as active 1`] = `
<nav
  aria-labelledby="Sites"
  role="navigation"
>
  <span
    class="ScreenReaderOnly__root"
  >
    <h1
      id="Sites"
    >
      SEEK Sites
    </h1>
  </span>
  <ul
    class="Sites__list"
  >
    <li>
      <a
        class="Sites__link Sites__link_isJobs"
        data-analytics="header:jobs"
        href="https://www.seek.com.au"
        title="SEEK Jobs"
      >
        Jobs
      </a>
    </li>
    <li>
      <a
        class="Sites__link Sites__link_isLearning"
        data-analytics="header:courses"
        href="https://www.seek.com.au/learning/?campaigncode=seek_banner_29&sc_trk=skj-courses-link"
        title="SEEK Learning"
      >
        Courses
      </a>
    </li>
    <li>
      <a
        class="Sites__link Sites__link_isBusiness"
        data-analytics="header:business+for+sale"
        href="https://www.seekbusiness.com.au/?tracking=sk:main:au:nav:bus"
        title="SEEK Business"
      >
        Businesses for sale
      </a>
    </li>
    <li>
      <a
        class="Sites__link Sites__link_isVolunteering"
        data-analytics="header:volunteering"
        href="https://www.volunteer.com.au/?tracking=SKMAU:main+header"
        title="SEEK Volunteer"
      >
        Volunteering
      </a>
    </li>
  </ul>
</nav>
`;

exports[`Sites: active product states: should render with no link as active by default 1`] = `
<nav
  aria-labelledby="Sites"
  role="navigation"
>
  <span
    class="ScreenReaderOnly__root"
  >
    <h1
      id="Sites"
    >
      SEEK Sites
    </h1>
  </span>
  <ul
    class="Sites__list"
  >
    <li>
      <a
        class="Sites__link Sites__link_isJobs"
        data-analytics="header:jobs"
        href="https://www.seek.com.au"
        title="SEEK Jobs"
      >
        Jobs
      </a>
    </li>
    <li>
      <a
        class="Sites__link Sites__link_isLearning"
        data-analytics="header:courses"
        href="https://www.seek.com.au/learning/?campaigncode=seek_banner_29&sc_trk=skj-courses-link"
        title="SEEK Learning"
      >
        Courses
      </a>
    </li>
    <li>
      <a
        class="Sites__link Sites__link_isBusiness"
        data-analytics="header:business+for+sale"
        href="https://www.seekbusiness.com.au/?tracking=sk:main:au:nav:bus"
        title="SEEK Business"
      >
        Businesses for sale
      </a>
    </li>
    <li>
      <a
        class="Sites__link Sites__link_isVolunteering"
        data-analytics="header:volunteering"
        href="https://www.volunteer.com.au/?tracking=SKMAU:main+header"
        title="SEEK Volunteer"
      >
        Volunteering
      </a>
    </li>
  </ul>
</nav>
`;

exports[`Sites: active product states: should render with volunteering link as active 1`] = `
<nav
  aria-labelledby="Sites"
  role="navigation"
>
  <span
    class="ScreenReaderOnly__root"
  >
    <h1
      id="Sites"
    >
      SEEK Sites
    </h1>
  </span>
  <ul
    class="Sites__list"
  >
    <li>
      <a
        class="Sites__link Sites__link_isJobs"
        data-analytics="header:jobs"
        href="https://www.seek.com.au"
        title="SEEK Jobs"
      >
        Jobs
      </a>
    </li>
    <li>
      <a
        class="Sites__link Sites__link_isLearning"
        data-analytics="header:courses"
        href="https://www.seek.com.au/learning/?campaigncode=seek_banner_29&sc_trk=skj-courses-link"
        title="SEEK Learning"
      >
        Courses
      </a>
    </li>
    <li>
      <a
        class="Sites__link Sites__link_isBusiness"
        data-analytics="header:business+for+sale"
        href="https://www.seekbusiness.com.au/?tracking=sk:main:au:nav:bus"
        title="SEEK Business"
      >
        Businesses for sale
      </a>
    </li>
    <li>
      <a
        class="Sites__link Sites__link_isVolunteering"
        data-analytics="header:volunteering"
        href="https://www.volunteer.com.au/?tracking=SKMAU:main+header"
        title="SEEK Volunteer"
      >
        Volunteering
      </a>
    </li>
  </ul>
</nav>
`;

exports[`Sites: locale states: should render with locale of AU 1`] = `
<nav
  aria-labelledby="Sites"
  role="navigation"
>
  <span
    class="ScreenReaderOnly__root"
  >
    <h1
      id="Sites"
    >
      SEEK Sites
    </h1>
  </span>
  <ul
    class="Sites__list"
  >
    <li>
      <a
        class="Sites__link Sites__link_isJobs"
        data-analytics="header:jobs"
        href="https://www.seek.com.au"
        title="SEEK Jobs"
      >
        Jobs
      </a>
    </li>
    <li>
      <a
        class="Sites__link Sites__link_isLearning"
        data-analytics="header:courses"
        href="https://www.seek.com.au/learning/?campaigncode=seek_banner_29&sc_trk=skj-courses-link"
        title="SEEK Learning"
      >
        Courses
      </a>
    </li>
    <li>
      <a
        class="Sites__link Sites__link_isBusiness"
        data-analytics="header:business+for+sale"
        href="https://www.seekbusiness.com.au/?tracking=sk:main:au:nav:bus"
        title="SEEK Business"
      >
        Businesses for sale
      </a>
    </li>
    <li>
      <a
        class="Sites__link Sites__link_isVolunteering"
        data-analytics="header:volunteering"
        href="https://www.volunteer.com.au/?tracking=SKMAU:main+header"
        title="SEEK Volunteer"
      >
        Volunteering
      </a>
    </li>
  </ul>
</nav>
`;

exports[`Sites: locale states: should render with locale of NZ 1`] = `
<nav
  aria-labelledby="Sites"
  role="navigation"
>
  <span
    class="ScreenReaderOnly__root"
  >
    <h1
      id="Sites"
    >
      SEEK Sites
    </h1>
  </span>
  <ul
    class="Sites__list"
  >
    <li>
      <a
        class="Sites__link Sites__link_isJobs"
        data-analytics="header:jobs"
        href="https://www.seek.co.nz"
        title="SEEK Jobs"
      >
        Jobs
      </a>
    </li>
    <li>
      <a
        class="Sites__link Sites__link_isLearning"
        data-analytics="header:courses"
        href="https://www.seeklearning.co.nz/?campaigncode=seek_banner_29&sc_trk=skj-courses-link"
        title="SEEK Learning"
      >
        Courses
      </a>
    </li>
    <li>
      <a
        class="Sites__link Sites__link_isBusiness"
        data-analytics="header:business+for+sale"
        href="https://www.seekbusiness.com.au/?site=nz&tracking=sk:main:nz:nav:bus"
        title="SEEK Business"
      >
        Businesses for sale
      </a>
    </li>
    <li>
      <a
        class="Sites__link Sites__link_isVolunteering"
        data-analytics="header:volunteering"
        href="https://seekvolunteer.co.nz/?tracking=SKMNZ:main+header"
        title="SEEK Volunteer"
      >
        Volunteering
      </a>
    </li>
  </ul>
</nav>
`;
