// Jest Snapshot v1, https://goo.gl/fbAQLP

exports[`Button: color variants: should render blue button 1`] = `
<button
  className="Button__root Button__root_isBlue"
  disabled={false}
>
  SEEK
</button>
`;

exports[`Button: color variants: should render gray button 1`] = `
<button
  className="Button__root Button__root_isGray"
  disabled={false}
>
  SEEK
</button>
`;

exports[`Button: color variants: should render pink button 1`] = `
<button
  className="Button__root Button__root_isPink"
  disabled={false}
>
  SEEK
</button>
`;

exports[`Button: color variants: should render transparent button 1`] = `
<button
  className="Button__root Button__root_isTransparent"
  disabled={false}
>
  SEEK
</button>
`;

exports[`Button: color variants: should render white button 1`] = `
<button
  className="Button__root Button__root_isWhite"
  disabled={false}
>
  SEEK
</button>
`;

exports[`Button: color variants: should render white ghost button 1`] = `
<button
  className="Button__root Button__root_isGhost Button__root_isWhite"
  disabled={false}
>
  SEEK
</button>
`;

exports[`Button: should render as an anchor with href="https://www.seek.com.au" 1`] = `
<a
  className="Button__root Button__root_isPink"
  disabled={false}
  href="https://www.seek.com.au"
>
  SEEK
</a>
`;

exports[`Button: should render as loading 1`] = `
<button
  className="Button__root Button__loading Button__root_isBlue"
  disabled={true}
>
  SEEK
</button>
`;

exports[`Button: should render custom component based on itâ€™s reference 1`] = `
<CustomComponent
  className="Button__root Button__root_isPink"
  disabled={false}
>
  SEEK
</CustomComponent>
`;

exports[`Button: should render fullwidth button 1`] = `
<button
  className="Button__root Button__fullWidth Button__root_isTransparent"
  disabled={false}
>
  SEEK
</button>
`;

exports[`Button: should render with array of nodes 1`] = `
<button
  className="Button__root Button__root_isBlue"
  disabled={false}
>
  <span>
    SEEK
  </span>
  <span>
    AU
  </span>
</button>
`;

exports[`Button: should render with className 1`] = `
<button
  className="Button__root foo Button__root_isGray"
  disabled={false}
>
  SEEK
</button>
`;

exports[`Button: should render with node 1`] = `
<button
  className="Button__root Button__root_isBlue"
  disabled={false}
>
  <h5>
    SEEK
  </h5>
</button>
`;
