// Jest Snapshot v1, https://goo.gl/fbAQLP

exports[`BulletList renders with standard text 1`] = `
<ul
  className="BulletList__root"
>
  <Bullet>
    Foo
  </Bullet>
  <Bullet>
    Bar
  </Bullet>
</ul>
`;
